// Jest Snapshot v1, https://goo.gl/fbAQLP

exports[`game-module should create game 100 1`] = `
Object {
  "cell": Array [
    Array [],
    Array [],
    Array [],
    Array [],
  ],
  "foundation": Array [
    Array [],
    Array [],
    Array [],
    Array [],
  ],
  "tableau": Array [
    Array [
      Object {
        "color": "red",
        "id": "AD",
        "rank": "A",
        "suit": "D",
        "value": 1,
      },
      Object {
        "color": "red",
        "id": "QH",
        "rank": "Q",
        "suit": "H",
        "value": 12,
      },
      Object {
        "color": "black",
        "id": "QS",
        "rank": "Q",
        "suit": "S",
        "value": 12,
      },
      Object {
        "color": "black",
        "id": "6S",
        "rank": "6",
        "suit": "S",
        "value": 6,
      },
      Object {
        "color": "black",
        "id": "3C",
        "rank": "3",
        "suit": "C",
        "value": 3,
      },
      Object {
        "color": "black",
        "id": "2C",
        "rank": "2",
        "suit": "C",
        "value": 2,
      },
      Object {
        "color": "black",
        "id": "8S",
        "rank": "8",
        "suit": "S",
        "value": 8,
      },
    ],
    Array [
      Object {
        "color": "black",
        "id": "JS",
        "rank": "J",
        "suit": "S",
        "value": 11,
      },
      Object {
        "color": "black",
        "id": "TS",
        "rank": "T",
        "suit": "S",
        "value": 10,
      },
      Object {
        "color": "red",
        "id": "TH",
        "rank": "T",
        "suit": "H",
        "value": 10,
      },
      Object {
        "color": "red",
        "id": "5H",
        "rank": "5",
        "suit": "H",
        "value": 5,
      },
      Object {
        "color": "black",
        "id": "KS",
        "rank": "K",
        "suit": "S",
        "value": 13,
      },
      Object {
        "color": "red",
        "id": "2H",
        "rank": "2",
        "suit": "H",
        "value": 2,
      },
      Object {
        "color": "black",
        "id": "KC",
        "rank": "K",
        "suit": "C",
        "value": 13,
      },
    ],
    Array [
      Object {
        "color": "black",
        "id": "4S",
        "rank": "4",
        "suit": "S",
        "value": 4,
      },
      Object {
        "color": "black",
        "id": "5C",
        "rank": "5",
        "suit": "C",
        "value": 5,
      },
      Object {
        "color": "black",
        "id": "7S",
        "rank": "7",
        "suit": "S",
        "value": 7,
      },
      Object {
        "color": "black",
        "id": "6C",
        "rank": "6",
        "suit": "C",
        "value": 6,
      },
      Object {
        "color": "black",
        "id": "JC",
        "rank": "J",
        "suit": "C",
        "value": 11,
      },
      Object {
        "color": "red",
        "id": "KH",
        "rank": "K",
        "suit": "H",
        "value": 13,
      },
      Object {
        "color": "black",
        "id": "9S",
        "rank": "9",
        "suit": "S",
        "value": 9,
      },
    ],
    Array [
      Object {
        "color": "black",
        "id": "QC",
        "rank": "Q",
        "suit": "C",
        "value": 12,
      },
      Object {
        "color": "red",
        "id": "9D",
        "rank": "9",
        "suit": "D",
        "value": 9,
      },
      Object {
        "color": "red",
        "id": "8H",
        "rank": "8",
        "suit": "H",
        "value": 8,
      },
      Object {
        "color": "red",
        "id": "3D",
        "rank": "3",
        "suit": "D",
        "value": 3,
      },
      Object {
        "color": "black",
        "id": "3S",
        "rank": "3",
        "suit": "S",
        "value": 3,
      },
      Object {
        "color": "black",
        "id": "8C",
        "rank": "8",
        "suit": "C",
        "value": 8,
      },
      Object {
        "color": "black",
        "id": "5S",
        "rank": "5",
        "suit": "S",
        "value": 5,
      },
    ],
    Array [
      Object {
        "color": "black",
        "id": "7C",
        "rank": "7",
        "suit": "C",
        "value": 7,
      },
      Object {
        "color": "red",
        "id": "4H",
        "rank": "4",
        "suit": "H",
        "value": 4,
      },
      Object {
        "color": "black",
        "id": "9C",
        "rank": "9",
        "suit": "C",
        "value": 9,
      },
      Object {
        "color": "red",
        "id": "4D",
        "rank": "4",
        "suit": "D",
        "value": 4,
      },
      Object {
        "color": "black",
        "id": "TC",
        "rank": "T",
        "suit": "C",
        "value": 10,
      },
      Object {
        "color": "red",
        "id": "7D",
        "rank": "7",
        "suit": "D",
        "value": 7,
      },
    ],
    Array [
      Object {
        "color": "red",
        "id": "6D",
        "rank": "6",
        "suit": "D",
        "value": 6,
      },
      Object {
        "color": "red",
        "id": "JD",
        "rank": "J",
        "suit": "D",
        "value": 11,
      },
      Object {
        "color": "red",
        "id": "6H",
        "rank": "6",
        "suit": "H",
        "value": 6,
      },
      Object {
        "color": "black",
        "id": "2S",
        "rank": "2",
        "suit": "S",
        "value": 2,
      },
      Object {
        "color": "black",
        "id": "4C",
        "rank": "4",
        "suit": "C",
        "value": 4,
      },
      Object {
        "color": "red",
        "id": "8D",
        "rank": "8",
        "suit": "D",
        "value": 8,
      },
    ],
    Array [
      Object {
        "color": "red",
        "id": "JH",
        "rank": "J",
        "suit": "H",
        "value": 11,
      },
      Object {
        "color": "red",
        "id": "KD",
        "rank": "K",
        "suit": "D",
        "value": 13,
      },
      Object {
        "color": "black",
        "id": "AC",
        "rank": "A",
        "suit": "C",
        "value": 1,
      },
      Object {
        "color": "red",
        "id": "9H",
        "rank": "9",
        "suit": "H",
        "value": 9,
      },
      Object {
        "color": "red",
        "id": "5D",
        "rank": "5",
        "suit": "D",
        "value": 5,
      },
      Object {
        "color": "red",
        "id": "QD",
        "rank": "Q",
        "suit": "D",
        "value": 12,
      },
    ],
    Array [
      Object {
        "color": "red",
        "id": "TD",
        "rank": "T",
        "suit": "D",
        "value": 10,
      },
      Object {
        "color": "red",
        "id": "AH",
        "rank": "A",
        "suit": "H",
        "value": 1,
      },
      Object {
        "color": "black",
        "id": "AS",
        "rank": "A",
        "suit": "S",
        "value": 1,
      },
      Object {
        "color": "red",
        "id": "7H",
        "rank": "7",
        "suit": "H",
        "value": 7,
      },
      Object {
        "color": "red",
        "id": "3H",
        "rank": "3",
        "suit": "H",
        "value": 3,
      },
      Object {
        "color": "red",
        "id": "2D",
        "rank": "2",
        "suit": "D",
        "value": 2,
      },
    ],
  ],
}
`;
